Connection error: HTTPConnectionPool(host='localhost', port=5000): Max retries exceeded with url: /api/schedules/current (Caused by NewConnectionError('<urllib3.connection.HTTPConnection object at 0x000002A8990D7770>: Failed to establish a new connection: [WinError 10061] No connection could be made because the target machine actively refused it'))
